Archive member included to satisfy reference by file (symbol)

c:/st/stm32cubeide_1.2.0/stm32cubeide/plugins/com.st.stm32cube.ide.mcu.externaltools.gnu-tools-for-stm32.9-2020-q2-update.win32_1.5.0.202011040924/tools/bin/../lib/gcc/arm-none-eabi/9.3.1/../../../../arm-none-eabi/lib/thumb/v7e-m+fp/hard\libc_nano.a(lib_a-errno.o)
                              Core/Src/syscalls.o (__errno)
c:/st/stm32cubeide_1.2.0/stm32cubeide/plugins/com.st.stm32cube.ide.mcu.externaltools.gnu-tools-for-stm32.9-2020-q2-update.win32_1.5.0.202011040924/tools/bin/../lib/gcc/arm-none-eabi/9.3.1/../../../../arm-none-eabi/lib/thumb/v7e-m+fp/hard\libc_nano.a(lib_a-exit.o)
                              c:/st/stm32cubeide_1.2.0/stm32cubeide/plugins/com.st.stm32cube.ide.mcu.externaltools.gnu-tools-for-stm32.9-2020-q2-update.win32_1.5.0.202011040924/tools/bin/../lib/gcc/arm-none-eabi/9.3.1/../../../../arm-none-eabi/lib/thumb/v7e-m+fp/hard/crt0.o (exit)
c:/st/stm32cubeide_1.2.0/stm32cubeide/plugins/com.st.stm32cube.ide.mcu.externaltools.gnu-tools-for-stm32.9-2020-q2-update.win32_1.5.0.202011040924/tools/bin/../lib/gcc/arm-none-eabi/9.3.1/../../../../arm-none-eabi/lib/thumb/v7e-m+fp/hard\libc_nano.a(lib_a-impure.o)
                              c:/st/stm32cubeide_1.2.0/stm32cubeide/plugins/com.st.stm32cube.ide.mcu.externaltools.gnu-tools-for-stm32.9-2020-q2-update.win32_1.5.0.202011040924/tools/bin/../lib/gcc/arm-none-eabi/9.3.1/../../../../arm-none-eabi/lib/thumb/v7e-m+fp/hard\libc_nano.a(lib_a-exit.o) (_global_impure_ptr)
c:/st/stm32cubeide_1.2.0/stm32cubeide/plugins/com.st.stm32cube.ide.mcu.externaltools.gnu-tools-for-stm32.9-2020-q2-update.win32_1.5.0.202011040924/tools/bin/../lib/gcc/arm-none-eabi/9.3.1/../../../../arm-none-eabi/lib/thumb/v7e-m+fp/hard\libc_nano.a(lib_a-init.o)
                              c:/st/stm32cubeide_1.2.0/stm32cubeide/plugins/com.st.stm32cube.ide.mcu.externaltools.gnu-tools-for-stm32.9-2020-q2-update.win32_1.5.0.202011040924/tools/bin/../lib/gcc/arm-none-eabi/9.3.1/../../../../arm-none-eabi/lib/thumb/v7e-m+fp/hard/crt0.o (__libc_init_array)
c:/st/stm32cubeide_1.2.0/stm32cubeide/plugins/com.st.stm32cube.ide.mcu.externaltools.gnu-tools-for-stm32.9-2020-q2-update.win32_1.5.0.202011040924/tools/bin/../lib/gcc/arm-none-eabi/9.3.1/../../../../arm-none-eabi/lib/thumb/v7e-m+fp/hard\libc_nano.a(lib_a-memset.o)
                              c:/st/stm32cubeide_1.2.0/stm32cubeide/plugins/com.st.stm32cube.ide.mcu.externaltools.gnu-tools-for-stm32.9-2020-q2-update.win32_1.5.0.202011040924/tools/bin/../lib/gcc/arm-none-eabi/9.3.1/../../../../arm-none-eabi/lib/thumb/v7e-m+fp/hard/crt0.o (memset)

Allocating common symbols
Common symbol       size              file

hi2c1               0x4c              Core/Src/main.o
uwTick              0x4               Drivers/STM32F3xx_HAL_Driver/Src/stm32f3xx_hal.o
pFlash              0x20              Drivers/STM32F3xx_HAL_Driver/Src/stm32f3xx_hal_flash.o

Discarded input sections

 .text          0x0000000000000000        0x0 c:/st/stm32cubeide_1.2.0/stm32cubeide/plugins/com.st.stm32cube.ide.mcu.externaltools.gnu-tools-for-stm32.9-2020-q2-update.win32_1.5.0.202011040924/tools/bin/../lib/gcc/arm-none-eabi/9.3.1/thumb/v7e-m+fp/hard/crti.o
 .data          0x0000000000000000        0x0 c:/st/stm32cubeide_1.2.0/stm32cubeide/plugins/com.st.stm32cube.ide.mcu.externaltools.gnu-tools-for-stm32.9-2020-q2-update.win32_1.5.0.202011040924/tools/bin/../lib/gcc/arm-none-eabi/9.3.1/thumb/v7e-m+fp/hard/crti.o
 .bss           0x0000000000000000        0x0 c:/st/stm32cubeide_1.2.0/stm32cubeide/plugins/com.st.stm32cube.ide.mcu.externaltools.gnu-tools-for-stm32.9-2020-q2-update.win32_1.5.0.202011040924/tools/bin/../lib/gcc/arm-none-eabi/9.3.1/thumb/v7e-m+fp/hard/crti.o
 .data          0x0000000000000000        0x4 c:/st/stm32cubeide_1.2.0/stm32cubeide/plugins/com.st.stm32cube.ide.mcu.externaltools.gnu-tools-for-stm32.9-2020-q2-update.win32_1.5.0.202011040924/tools/bin/../lib/gcc/arm-none-eabi/9.3.1/thumb/v7e-m+fp/hard/crtbegin.o
 .text          0x0000000000000000       0x7c c:/st/stm32cubeide_1.2.0/stm32cubeide/plugins/com.st.stm32cube.ide.mcu.externaltools.gnu-tools-for-stm32.9-2020-q2-update.win32_1.5.0.202011040924/tools/bin/../lib/gcc/arm-none-eabi/9.3.1/../../../../arm-none-eabi/lib/thumb/v7e-m+fp/hard/crt0.o
 .data          0x0000000000000000        0x0 c:/st/stm32cubeide_1.2.0/stm32cubeide/plugins/com.st.stm32cube.ide.mcu.externaltools.gnu-tools-for-stm32.9-2020-q2-update.win32_1.5.0.202011040924/tools/bin/../lib/gcc/arm-none-eabi/9.3.1/../../../../arm-none-eabi/lib/thumb/v7e-m+fp/hard/crt0.o
 .bss           0x0000000000000000        0x0 c:/st/stm32cubeide_1.2.0/stm32cubeide/plugins/com.st.stm32cube.ide.mcu.externaltools.gnu-tools-for-stm32.9-2020-q2-update.win32_1.5.0.202011040924/tools/bin/../lib/gcc/arm-none-eabi/9.3.1/../../../../arm-none-eabi/lib/thumb/v7e-m+fp/hard/crt0.o
[...]
Memory Configuration

Name             Origin             Length             Attributes
CCMRAM           0x0000000010000000 0x0000000000004000 xrw
RAM              0x0000000020000000 0x0000000000010000 xrw
FLASH            0x0000000008000000 0x0000000000080000 xr
*default*        0x0000000000000000 0xffffffffffffffff

Linker script and memory map

LOAD c:/st/stm32cubeide_1.2.0/stm32cubeide/plugins/com.st.stm32cube.ide.mcu.externaltools.gnu-tools-for-stm32.9-2020-q2-update.win32_1.5.0.202011040924/tools/bin/../lib/gcc/arm-none-eabi/9.3.1/thumb/v7e-m+fp/hard/crti.o
LOAD c:/st/stm32cubeide_1.2.0/stm32cubeide/plugins/com.st.stm32cube.ide.mcu.externaltools.gnu-tools-for-stm32.9-2020-q2-update.win32_1.5.0.202011040924/tools/bin/../lib/gcc/arm-none-eabi/9.3.1/thumb/v7e-m+fp/hard/crtbegin.o
LOAD c:/st/stm32cubeide_1.2.0/stm32cubeide/plugins/com.st.stm32cube.ide.mcu.externaltools.gnu-tools-for-stm32.9-2020-q2-update.win32_1.5.0.202011040924/tools/bin/../lib/gcc/arm-none-eabi/9.3.1/../../../../arm-none-eabi/lib/thumb/v7e-m+fp/hard/crt0.o
LOAD Core/Src/STM32_IIC_LCD.o
LOAD Core/Src/main.o
LOAD Core/Src/stm32f3xx_hal_msp.o
LOAD Core/Src/stm32f3xx_it.o
LOAD Core/Src/syscalls.o
LOAD Core/Src/sysmem.o
LOAD Core/Src/system_stm32f3xx.o
LOAD Core/Startup/startup_stm32f303retx.o
LOAD Drivers/STM32F3xx_HAL_Driver/Src/stm32f3xx_hal.o
LOAD Drivers/STM32F3xx_HAL_Driver/Src/stm32f3xx_hal_cortex.o
LOAD Drivers/STM32F3xx_HAL_Driver/Src/stm32f3xx_hal_dma.o
LOAD Drivers/STM32F3xx_HAL_Driver/Src/stm32f3xx_hal_exti.o
LOAD Drivers/STM32F3xx_HAL_Driver/Src/stm32f3xx_hal_flash.o
LOAD Drivers/STM32F3xx_HAL_Driver/Src/stm32f3xx_hal_flash_ex.o
LOAD Drivers/STM32F3xx_HAL_Driver/Src/stm32f3xx_hal_gpio.o
LOAD Drivers/STM32F3xx_HAL_Driver/Src/stm32f3xx_hal_i2c.o
LOAD Drivers/STM32F3xx_HAL_Driver/Src/stm32f3xx_hal_i2c_ex.o
LOAD Drivers/STM32F3xx_HAL_Driver/Src/stm32f3xx_hal_pwr.o
LOAD Drivers/STM32F3xx_HAL_Driver/Src/stm32f3xx_hal_pwr_ex.o
LOAD Drivers/STM32F3xx_HAL_Driver/Src/stm32f3xx_hal_rcc.o
LOAD Drivers/STM32F3xx_HAL_Driver/Src/stm32f3xx_hal_rcc_ex.o
LOAD Drivers/STM32F3xx_HAL_Driver/Src/stm32f3xx_hal_tim.o
LOAD Drivers/STM32F3xx_HAL_Driver/Src/stm32f3xx_hal_tim_ex.o
START GROUP
LOAD c:/st/stm32cubeide_1.2.0/stm32cubeide/plugins/com.st.stm32cube.ide.mcu.externaltools.gnu-tools-for-stm32.9-2020-q2-update.win32_1.5.0.202011040924/tools/bin/../lib/gcc/arm-none-eabi/9.3.1/../../../../arm-none-eabi/lib/thumb/v7e-m+fp/hard\libc_nano.a
LOAD c:/st/stm32cubeide_1.2.0/stm32cubeide/plugins/com.st.stm32cube.ide.mcu.externaltools.gnu-tools-for-stm32.9-2020-q2-update.win32_1.5.0.202011040924/tools/bin/../lib/gcc/arm-none-eabi/9.3.1/../../../../arm-none-eabi/lib/thumb/v7e-m+fp/hard\libm.a
END GROUP
START GROUP
LOAD c:/st/stm32cubeide_1.2.0/stm32cubeide/plugins/com.st.stm32cube.ide.mcu.externaltools.gnu-tools-for-stm32.9-2020-q2-update.win32_1.5.0.202011040924/tools/bin/../lib/gcc/arm-none-eabi/9.3.1/thumb/v7e-m+fp/hard\libgcc.a
LOAD c:/st/stm32cubeide_1.2.0/stm32cubeide/plugins/com.st.stm32cube.ide.mcu.externaltools.gnu-tools-for-stm32.9-2020-q2-update.win32_1.5.0.202011040924/tools/bin/../lib/gcc/arm-none-eabi/9.3.1/../../../../arm-none-eabi/lib/thumb/v7e-m+fp/hard\libc_nano.a
END GROUP
START GROUP
LOAD c:/st/stm32cubeide_1.2.0/stm32cubeide/plugins/com.st.stm32cube.ide.mcu.externaltools.gnu-tools-for-stm32.9-2020-q2-update.win32_1.5.0.202011040924/tools/bin/../lib/gcc/arm-none-eabi/9.3.1/thumb/v7e-m+fp/hard\libgcc.a
LOAD c:/st/stm32cubeide_1.2.0/stm32cubeide/plugins/com.st.stm32cube.ide.mcu.externaltools.gnu-tools-for-stm32.9-2020-q2-update.win32_1.5.0.202011040924/tools/bin/../lib/gcc/arm-none-eabi/9.3.1/../../../../arm-none-eabi/lib/thumb/v7e-m+fp/hard\libc_nano.a
LOAD c:/st/stm32cubeide_1.2.0/stm32cubeide/plugins/com.st.stm32cube.ide.mcu.externaltools.gnu-tools-for-stm32.9-2020-q2-update.win32_1.5.0.202011040924/tools/bin/../lib/gcc/arm-none-eabi/9.3.1/../../../../arm-none-eabi/lib/thumb/v7e-m+fp/hard\libnosys.a
END GROUP
START GROUP
LOAD c:/st/stm32cubeide_1.2.0/stm32cubeide/plugins/com.st.stm32cube.ide.mcu.externaltools.gnu-tools-for-stm32.9-2020-q2-update.win32_1.5.0.202011040924/tools/bin/../lib/gcc/arm-none-eabi/9.3.1/thumb/v7e-m+fp/hard\libgcc.a
LOAD c:/st/stm32cubeide_1.2.0/stm32cubeide/plugins/com.st.stm32cube.ide.mcu.externaltools.gnu-tools-for-stm32.9-2020-q2-update.win32_1.5.0.202011040924/tools/bin/../lib/gcc/arm-none-eabi/9.3.1/../../../../arm-none-eabi/lib/thumb/v7e-m+fp/hard\libc_nano.a
LOAD c:/st/stm32cubeide_1.2.0/stm32cubeide/plugins/com.st.stm32cube.ide.mcu.externaltools.gnu-tools-for-stm32.9-2020-q2-update.win32_1.5.0.202011040924/tools/bin/../lib/gcc/arm-none-eabi/9.3.1/../../../../arm-none-eabi/lib/thumb/v7e-m+fp/hard\libnosys.a
END GROUP
LOAD c:/st/stm32cubeide_1.2.0/stm32cubeide/plugins/com.st.stm32cube.ide.mcu.externaltools.gnu-tools-for-stm32.9-2020-q2-update.win32_1.5.0.202011040924/tools/bin/../lib/gcc/arm-none-eabi/9.3.1/thumb/v7e-m+fp/hard/crtend.o
LOAD c:/st/stm32cubeide_1.2.0/stm32cubeide/plugins/com.st.stm32cube.ide.mcu.externaltools.gnu-tools-for-stm32.9-2020-q2-update.win32_1.5.0.202011040924/tools/bin/../lib/gcc/arm-none-eabi/9.3.1/thumb/v7e-m+fp/hard/crtn.o
                0x0000000020010000                _estack = (ORIGIN (RAM) + LENGTH (RAM))
                0x0000000000000200                _Min_Heap_Size = 0x200
                0x0000000000000400                _Min_Stack_Size = 0x400

.isr_vector     0x0000000008000000      0x194
                0x0000000008000000                . = ALIGN (0x4)
 *(.isr_vector)
 .isr_vector    0x0000000008000000      0x194 Core/Startup/startup_stm32f303retx.o
                0x0000000008000000                g_pfnVectors
                0x0000000008000194                . = ALIGN (0x4)

.text           0x0000000008000194     0x29a8
                0x0000000008000194                . = ALIGN (0x4)
 *(.text)
 .text          0x0000000008000194       0x40 c:/st/stm32cubeide_1.2.0/stm32cubeide/plugins/com.st.stm32cube.ide.mcu.externaltools.gnu-tools-for-stm32.9-2020-q2-update.win32_1.5.0.202011040924/tools/bin/../lib/gcc/arm-none-eabi/9.3.1/thumb/v7e-m+fp/hard/crtbegin.o
 *(.text*)
 .text.LCD_init
                0x00000000080001d4       0xb8 Core/Src/STM32_IIC_LCD.o
                0x00000000080001d4                LCD_init
 .text.LCD_sendCommand
                0x000000000800028c       0x6e Core/Src/STM32_IIC_LCD.o
                0x000000000800028c                LCD_sendCommand
 .text.LCD_sendData
                0x00000000080002fa       0x6e Core/Src/STM32_IIC_LCD.o
                0x00000000080002fa                LCD_sendData
 .text.LCD_sendString
                0x0000000008000368       0x2e Core/Src/STM32_IIC_LCD.o
                0x0000000008000368                LCD_sendString
 .text.LCD_clearDisplay
                0x0000000008000396       0x18 Core/Src/STM32_IIC_LCD.o
                0x0000000008000396                LCD_clearDisplay
 .text.LCD_setCursor
                0x00000000080003ae       0x4a Core/Src/STM32_IIC_LCD.o
                0x00000000080003ae                LCD_setCursor
 .text.main     0x00000000080003f8       0x78 Core/Src/main.o
                0x00000000080003f8                main
 .text.SystemClock_Config
                0x0000000008000470       0xa4 Core/Src/main.o
                0x0000000008000470                SystemClock_Config
 .text.MX_I2C1_Init
                0x0000000008000514       0x80 Core/Src/main.o
 .text.MX_GPIO_Init
                0x0000000008000594       0x48 Core/Src/main.o
 .text.Error_Handler
                0x00000000080005dc        0xa Core/Src/main.o
                0x00000000080005dc                Error_Handler
 *fill*         0x00000000080005e6        0x2 
 .text.HAL_MspInit
                0x00000000080005e8       0x48 Core/Src/stm32f3xx_hal_msp.o
                0x00000000080005e8                HAL_MspInit
 .text.HAL_I2C_MspInit
                0x0000000008000630       0x88 Core/Src/stm32f3xx_hal_msp.o
                0x0000000008000630                HAL_I2C_MspInit
 .text.NMI_Handler
                0x00000000080006b8        0x6 Core/Src/stm32f3xx_it.o
                0x00000000080006b8                NMI_Handler
 .text.HardFault_Handler
                0x00000000080006be        0x6 Core/Src/stm32f3xx_it.o
                0x00000000080006be                HardFault_Handler
 .text.MemManage_Handler
                0x00000000080006c4        0x6 Core/Src/stm32f3xx_it.o
                0x00000000080006c4                MemManage_Handler
 .text.BusFault_Handler
                0x00000000080006ca        0x6 Core/Src/stm32f3xx_it.o
                0x00000000080006ca                BusFault_Handler
 .text.UsageFault_Handler
                0x00000000080006d0        0x6 Core/Src/stm32f3xx_it.o
                0x00000000080006d0                UsageFault_Handler
 .text.SVC_Handler
                0x00000000080006d6        0xe Core/Src/stm32f3xx_it.o
                0x00000000080006d6                SVC_Handler
 .text.DebugMon_Handler
                0x00000000080006e4        0xe Core/Src/stm32f3xx_it.o
                0x00000000080006e4                DebugMon_Handler
 .text.PendSV_Handler
                0x00000000080006f2        0xe Core/Src/stm32f3xx_it.o
                0x00000000080006f2                PendSV_Handler
 .text.SysTick_Handler
                0x0000000008000700        0xc Core/Src/stm32f3xx_it.o
                0x0000000008000700                SysTick_Handler
 .text.SystemInit
                0x000000000800070c       0x24 Core/Src/system_stm32f3xx.o
                0x000000000800070c                SystemInit
 .text.Reset_Handler
                0x0000000008000730       0x50 Core/Startup/startup_stm32f303retx.o
                0x0000000008000730                Reset_Handler
 .text.Default_Handler
                0x0000000008000780        0x2 Core/Startup/startup_stm32f303retx.o
                0x0000000008000780                RTC_Alarm_IRQHandler
                0x0000000008000780                TIM8_TRG_COM_IRQHandler
                0x0000000008000780                TIM8_CC_IRQHandler
                0x0000000008000780                SPI4_IRQHandler
                0x0000000008000780                TIM1_CC_IRQHandler
                0x0000000008000780                USB_HP_IRQHandler
                0x0000000008000780                PVD_IRQHandler
                0x0000000008000780                TAMP_STAMP_IRQHandler
                0x0000000008000780                EXTI3_IRQHandler
                0x0000000008000780                I2C3_ER_IRQHandler
                0x0000000008000780                USB_HP_CAN_TX_IRQHandler
                0x0000000008000780                EXTI0_IRQHandler
                0x0000000008000780                I2C2_EV_IRQHandler
                0x0000000008000780                FPU_IRQHandler
                0x0000000008000780                TIM1_UP_TIM16_IRQHandler
                0x0000000008000780                ADC1_2_IRQHandler
                0x0000000008000780                SPI1_IRQHandler
                0x0000000008000780                CAN_SCE_IRQHandler
                0x0000000008000780                TIM6_DAC_IRQHandler
                0x0000000008000780                TIM8_UP_IRQHandler
                0x0000000008000780                DMA2_Channel2_IRQHandler
                0x0000000008000780                DMA1_Channel4_IRQHandler
                0x0000000008000780                TIM20_TRG_COM_IRQHandler
                0x0000000008000780                USART3_IRQHandler
                0x0000000008000780                DMA1_Channel7_IRQHandler
                0x0000000008000780                UART5_IRQHandler
                0x0000000008000780                ADC3_IRQHandler
                0x0000000008000780                TIM4_IRQHandler
                0x0000000008000780                CAN_RX1_IRQHandler
                0x0000000008000780                DMA2_Channel1_IRQHandler
                0x0000000008000780                I2C1_EV_IRQHandler
                0x0000000008000780                DMA1_Channel6_IRQHandler
                0x0000000008000780                UART4_IRQHandler
                0x0000000008000780                DMA2_Channel4_IRQHandler
                0x0000000008000780                TIM3_IRQHandler
                0x0000000008000780                RCC_IRQHandler
                0x0000000008000780                TIM20_UP_IRQHandler
                0x0000000008000780                DMA1_Channel1_IRQHandler
                0x0000000008000780                Default_Handler
                0x0000000008000780                USBWakeUp_RMP_IRQHandler
                0x0000000008000780                EXTI15_10_IRQHandler
                0x0000000008000780                TIM7_IRQHandler
                0x0000000008000780                I2C3_EV_IRQHandler
                0x0000000008000780                EXTI9_5_IRQHandler
                0x0000000008000780                RTC_WKUP_IRQHandler
                0x0000000008000780                SPI2_IRQHandler
                0x0000000008000780                USB_LP_CAN_RX0_IRQHandler
                0x0000000008000780                DMA2_Channel5_IRQHandler
                0x0000000008000780                DMA1_Channel5_IRQHandler
                0x0000000008000780                USB_LP_IRQHandler
                0x0000000008000780                EXTI4_IRQHandler
                0x0000000008000780                TIM1_TRG_COM_TIM17_IRQHandler
                0x0000000008000780                DMA1_Channel3_IRQHandler
                0x0000000008000780                ADC4_IRQHandler
                0x0000000008000780                WWDG_IRQHandler
                0x0000000008000780                TIM2_IRQHandler
                0x0000000008000780                COMP7_IRQHandler
                0x0000000008000780                COMP1_2_3_IRQHandler
                0x0000000008000780                EXTI1_IRQHandler
                0x0000000008000780                USART2_IRQHandler
                0x0000000008000780                COMP4_5_6_IRQHandler
                0x0000000008000780                TIM20_BRK_IRQHandler
                0x0000000008000780                I2C2_ER_IRQHandler
                0x0000000008000780                DMA1_Channel2_IRQHandler
                0x0000000008000780                TIM8_BRK_IRQHandler
                0x0000000008000780                FLASH_IRQHandler
                0x0000000008000780                TIM20_CC_IRQHandler
                0x0000000008000780                USART1_IRQHandler
                0x0000000008000780                SPI3_IRQHandler
                0x0000000008000780                I2C1_ER_IRQHandler
                0x0000000008000780                FMC_IRQHandler
                0x0000000008000780                USBWakeUp_IRQHandler
                0x0000000008000780                DMA2_Channel3_IRQHandler
                0x0000000008000780                EXTI2_TSC_IRQHandler
                0x0000000008000780                TIM1_BRK_TIM15_IRQHandler
 *fill*         0x0000000008000782        0x2 
 .text.HAL_Init
                0x0000000008000784       0x2c Drivers/STM32F3xx_HAL_Driver/Src/stm32f3xx_hal.o
                0x0000000008000784                HAL_Init
 .text.HAL_InitTick
                0x00000000080007b0       0x60 Drivers/STM32F3xx_HAL_Driver/Src/stm32f3xx_hal.o
                0x00000000080007b0                HAL_InitTick
 .text.HAL_IncTick
                0x0000000008000810       0x28 Drivers/STM32F3xx_HAL_Driver/Src/stm32f3xx_hal.o
                0x0000000008000810                HAL_IncTick
 .text.HAL_GetTick
                0x0000000008000838       0x18 Drivers/STM32F3xx_HAL_Driver/Src/stm32f3xx_hal.o
                0x0000000008000838                HAL_GetTick
 .text.HAL_Delay
                0x0000000008000850       0x48 Drivers/STM32F3xx_HAL_Driver/Src/stm32f3xx_hal.o
                0x0000000008000850                HAL_Delay
 .text.__NVIC_SetPriorityGrouping
                0x0000000008000898       0x48 Drivers/STM32F3xx_HAL_Driver/Src/stm32f3xx_hal_cortex.o
 .text.__NVIC_GetPriorityGrouping
                0x00000000080008e0       0x1c Drivers/STM32F3xx_HAL_Driver/Src/stm32f3xx_hal_cortex.o
 .text.__NVIC_SetPriority
                0x00000000080008fc       0x54 Drivers/STM32F3xx_HAL_Driver/Src/stm32f3xx_hal_cortex.o
 .text.NVIC_EncodePriority
                0x0000000008000950       0x66 Drivers/STM32F3xx_HAL_Driver/Src/stm32f3xx_hal_cortex.o
 *fill*         0x00000000080009b6        0x2 
 .text.SysTick_Config
                0x00000000080009b8       0x44 Drivers/STM32F3xx_HAL_Driver/Src/stm32f3xx_hal_cortex.o
 .text.HAL_NVIC_SetPriorityGrouping
                0x00000000080009fc       0x16 Drivers/STM32F3xx_HAL_Driver/Src/stm32f3xx_hal_cortex.o
                0x00000000080009fc                HAL_NVIC_SetPriorityGrouping
 .text.HAL_NVIC_SetPriority
                0x0000000008000a12       0x38 Drivers/STM32F3xx_HAL_Driver/Src/stm32f3xx_hal_cortex.o
                0x0000000008000a12                HAL_NVIC_SetPriority
 .text.HAL_SYSTICK_Config
                0x0000000008000a4a       0x18 Drivers/STM32F3xx_HAL_Driver/Src/stm32f3xx_hal_cortex.o
                0x0000000008000a4a                HAL_SYSTICK_Config
 *fill*         0x0000000008000a62        0x2 
 .text.HAL_GPIO_Init
                0x0000000008000a64      0x314 Drivers/STM32F3xx_HAL_Driver/Src/stm32f3xx_hal_gpio.o
                0x0000000008000a64                HAL_GPIO_Init
 .text.HAL_I2C_Init
                0x0000000008000d78      0x11e Drivers/STM32F3xx_HAL_Driver/Src/stm32f3xx_hal_i2c.o
                0x0000000008000d78                HAL_I2C_Init
 *fill*         0x0000000008000e96        0x2 
 .text.HAL_I2C_Master_Transmit
                0x0000000008000e98      0x1e8 Drivers/STM32F3xx_HAL_Driver/Src/stm32f3xx_hal_i2c.o
                0x0000000008000e98                HAL_I2C_Master_Transmit
 .text.I2C_Flush_TXDR
                0x0000000008001080       0x48 Drivers/STM32F3xx_HAL_Driver/Src/stm32f3xx_hal_i2c.o
 .text.I2C_WaitOnFlagUntilTimeout
                0x00000000080010c8       0x80 Drivers/STM32F3xx_HAL_Driver/Src/stm32f3xx_hal_i2c.o
 .text.I2C_WaitOnTXISFlagUntilTimeout
                0x0000000008001148       0x80 Drivers/STM32F3xx_HAL_Driver/Src/stm32f3xx_hal_i2c.o
 .text.I2C_WaitOnSTOPFlagUntilTimeout
                0x00000000080011c8       0x78 Drivers/STM32F3xx_HAL_Driver/Src/stm32f3xx_hal_i2c.o
 .text.I2C_IsAcknowledgeFailed
                0x0000000008001240       0xcc Drivers/STM32F3xx_HAL_Driver/Src/stm32f3xx_hal_i2c.o
 .text.I2C_TransferConfig
                0x000000000800130c       0x5c Drivers/STM32F3xx_HAL_Driver/Src/stm32f3xx_hal_i2c.o
 .text.HAL_I2CEx_ConfigAnalogFilter
                0x0000000008001368       0x96 Drivers/STM32F3xx_HAL_Driver/Src/stm32f3xx_hal_i2c_ex.o
                0x0000000008001368                HAL_I2CEx_ConfigAnalogFilter
 .text.HAL_I2CEx_ConfigDigitalFilter
                0x00000000080013fe       0x98 Drivers/STM32F3xx_HAL_Driver/Src/stm32f3xx_hal_i2c_ex.o
                0x00000000080013fe                HAL_I2CEx_ConfigDigitalFilter
 *fill*         0x0000000008001496        0x2 
 .text.HAL_RCC_OscConfig
                0x0000000008001498      0xe2c Drivers/STM32F3xx_HAL_Driver/Src/stm32f3xx_hal_rcc.o
                0x0000000008001498                HAL_RCC_OscConfig
 .text.HAL_RCC_ClockConfig
                0x00000000080022c4      0x2f8 Drivers/STM32F3xx_HAL_Driver/Src/stm32f3xx_hal_rcc.o
                0x00000000080022c4                HAL_RCC_ClockConfig
 .text.HAL_RCC_GetSysClockFreq
                0x00000000080025bc       0xd4 Drivers/STM32F3xx_HAL_Driver/Src/stm32f3xx_hal_rcc.o
                0x00000000080025bc                HAL_RCC_GetSysClockFreq
 .text.HAL_RCCEx_PeriphCLKConfig
                0x0000000008002690      0x43c Drivers/STM32F3xx_HAL_Driver/Src/stm32f3xx_hal_rcc_ex.o
                0x0000000008002690                HAL_RCCEx_PeriphCLKConfig
 .text.__libc_init_array
                0x0000000008002acc       0x48 c:/st/stm32cubeide_1.2.0/stm32cubeide/plugins/com.st.stm32cube.ide.mcu.externaltools.gnu-tools-for-stm32.9-2020-q2-update.win32_1.5.0.202011040924/tools/bin/../lib/gcc/arm-none-eabi/9.3.1/../../../../arm-none-eabi/lib/thumb/v7e-m+fp/hard\libc_nano.a(lib_a-init.o)
                0x0000000008002acc                __libc_init_array
 .text.memset   0x0000000008002b14       0x10 c:/st/stm32cubeide_1.2.0/stm32cubeide/plugins/com.st.stm32cube.ide.mcu.externaltools.gnu-tools-for-stm32.9-2020-q2-update.win32_1.5.0.202011040924/tools/bin/../lib/gcc/arm-none-eabi/9.3.1/../../../../arm-none-eabi/lib/thumb/v7e-m+fp/hard\libc_nano.a(lib_a-memset.o)
                0x0000000008002b14                memset
 *(.glue_7)
 .glue_7        0x0000000008002b24        0x0 linker stubs
 *(.glue_7t)
 .glue_7t       0x0000000008002b24        0x0 linker stubs
 *(.eh_frame)
 .eh_frame      0x0000000008002b24        0x0 c:/st/stm32cubeide_1.2.0/stm32cubeide/plugins/com.st.stm32cube.ide.mcu.externaltools.gnu-tools-for-stm32.9-2020-q2-update.win32_1.5.0.202011040924/tools/bin/../lib/gcc/arm-none-eabi/9.3.1/thumb/v7e-m+fp/hard/crtbegin.o
 *(.init)
 .init          0x0000000008002b24        0x4 c:/st/stm32cubeide_1.2.0/stm32cubeide/plugins/com.st.stm32cube.ide.mcu.externaltools.gnu-tools-for-stm32.9-2020-q2-update.win32_1.5.0.202011040924/tools/bin/../lib/gcc/arm-none-eabi/9.3.1/thumb/v7e-m+fp/hard/crti.o
                0x0000000008002b24                _init
 .init          0x0000000008002b28        0x8 c:/st/stm32cubeide_1.2.0/stm32cubeide/plugins/com.st.stm32cube.ide.mcu.externaltools.gnu-tools-for-stm32.9-2020-q2-update.win32_1.5.0.202011040924/tools/bin/../lib/gcc/arm-none-eabi/9.3.1/thumb/v7e-m+fp/hard/crtn.o
 *(.fini)
 .fini          0x0000000008002b30        0x4 c:/st/stm32cubeide_1.2.0/stm32cubeide/plugins/com.st.stm32cube.ide.mcu.externaltools.gnu-tools-for-stm32.9-2020-q2-update.win32_1.5.0.202011040924/tools/bin/../lib/gcc/arm-none-eabi/9.3.1/thumb/v7e-m+fp/hard/crti.o
                0x0000000008002b30                _fini
 .fini          0x0000000008002b34        0x8 c:/st/stm32cubeide_1.2.0/stm32cubeide/plugins/com.st.stm32cube.ide.mcu.externaltools.gnu-tools-for-stm32.9-2020-q2-update.win32_1.5.0.202011040924/tools/bin/../lib/gcc/arm-none-eabi/9.3.1/thumb/v7e-m+fp/hard/crtn.o
                0x0000000008002b3c                . = ALIGN (0x4)
                0x0000000008002b3c                _etext = .

.vfp11_veneer   0x0000000008002b3c        0x0
 .vfp11_veneer  0x0000000008002b3c        0x0 linker stubs

.v4_bx          0x0000000008002b3c        0x0
 .v4_bx         0x0000000008002b3c        0x0 linker stubs

.iplt           0x0000000008002b3c        0x0
 .iplt          0x0000000008002b3c        0x0 c:/st/stm32cubeide_1.2.0/stm32cubeide/plugins/com.st.stm32cube.ide.mcu.externaltools.gnu-tools-for-stm32.9-2020-q2-update.win32_1.5.0.202011040924/tools/bin/../lib/gcc/arm-none-eabi/9.3.1/thumb/v7e-m+fp/hard/crtbegin.o

.rodata         0x0000000008002b3c       0x40
                0x0000000008002b3c                . = ALIGN (0x4)
 *(.rodata)
 .rodata        0x0000000008002b3c        0xe Core/Src/main.o
 *(.rodata*)
 *fill*         0x0000000008002b4a        0x2 
 .rodata.AHBPrescTable
                0x0000000008002b4c       0x10 Core/Src/system_stm32f3xx.o
                0x0000000008002b4c                AHBPrescTable
 .rodata.aPLLMULFactorTable
                0x0000000008002b5c       0x10 Drivers/STM32F3xx_HAL_Driver/Src/stm32f3xx_hal_rcc.o
                0x0000000008002b5c                aPLLMULFactorTable
 .rodata.aPredivFactorTable
                0x0000000008002b6c       0x10 Drivers/STM32F3xx_HAL_Driver/Src/stm32f3xx_hal_rcc.o
                0x0000000008002b6c                aPredivFactorTable
                0x0000000008002b7c                . = ALIGN (0x4)

.rel.dyn        0x0000000008002b7c        0x0
 .rel.iplt      0x0000000008002b7c        0x0 c:/st/stm32cubeide_1.2.0/stm32cubeide/plugins/com.st.stm32cube.ide.mcu.externaltools.gnu-tools-for-stm32.9-2020-q2-update.win32_1.5.0.202011040924/tools/bin/../lib/gcc/arm-none-eabi/9.3.1/thumb/v7e-m+fp/hard/crtbegin.o

.ARM.extab      0x0000000008002b7c        0x0
                0x0000000008002b7c                . = ALIGN (0x4)
 *(.ARM.extab* .gnu.linkonce.armextab.*)
                0x0000000008002b7c                . = ALIGN (0x4)

.ARM            0x0000000008002b7c        0x0
                0x0000000008002b7c                . = ALIGN (0x4)
                0x0000000008002b7c                __exidx_start = .
 *(.ARM.exidx*)
                0x0000000008002b7c                __exidx_end = .
                0x0000000008002b7c                . = ALIGN (0x4)

.preinit_array  0x0000000008002b7c        0x0
                0x0000000008002b7c                . = ALIGN (0x4)
                0x0000000008002b7c                PROVIDE (__preinit_array_start = .)
 *(.preinit_array*)
                0x0000000008002b7c                PROVIDE (__preinit_array_end = .)
                0x0000000008002b7c                . = ALIGN (0x4)

.init_array     0x0000000008002b7c        0x4
                0x0000000008002b7c                . = ALIGN (0x4)
                0x0000000008002b7c                PROVIDE (__init_array_start = .)
 *(SORT_BY_NAME(.init_array.*))
 *(.init_array*)
 .init_array    0x0000000008002b7c        0x4 c:/st/stm32cubeide_1.2.0/stm32cubeide/plugins/com.st.stm32cube.ide.mcu.externaltools.gnu-tools-for-stm32.9-2020-q2-update.win32_1.5.0.202011040924/tools/bin/../lib/gcc/arm-none-eabi/9.3.1/thumb/v7e-m+fp/hard/crtbegin.o
                0x0000000008002b80                PROVIDE (__init_array_end = .)
                0x0000000008002b80                . = ALIGN (0x4)

.fini_array     0x0000000008002b80        0x4
                0x0000000008002b80                . = ALIGN (0x4)
                [!provide]                        PROVIDE (__fini_array_start = .)
 *(SORT_BY_NAME(.fini_array.*))
 *(.fini_array*)
 .fini_array    0x0000000008002b80        0x4 c:/st/stm32cubeide_1.2.0/stm32cubeide/plugins/com.st.stm32cube.ide.mcu.externaltools.gnu-tools-for-stm32.9-2020-q2-update.win32_1.5.0.202011040924/tools/bin/../lib/gcc/arm-none-eabi/9.3.1/thumb/v7e-m+fp/hard/crtbegin.o
                [!provide]                        PROVIDE (__fini_array_end = .)
                0x0000000008002b84                . = ALIGN (0x4)
                0x0000000008002b84                _sidata = LOADADDR (.data)

.data           0x0000000020000000        0xc load address 0x0000000008002b84
                0x0000000020000000                . = ALIGN (0x4)
                0x0000000020000000                _sdata = .
 *(.data)
 *(.data*)
 .data.SystemCoreClock
                0x0000000020000000        0x4 Core/Src/system_stm32f3xx.o
                0x0000000020000000                SystemCoreClock
 .data.uwTickPrio
                0x0000000020000004        0x4 Drivers/STM32F3xx_HAL_Driver/Src/stm32f3xx_hal.o
                0x0000000020000004                uwTickPrio
 .data.uwTickFreq
                0x0000000020000008        0x1 Drivers/STM32F3xx_HAL_Driver/Src/stm32f3xx_hal.o
                0x0000000020000008                uwTickFreq
 *(.RamFunc)
 *(.RamFunc*)
                0x000000002000000c                . = ALIGN (0x4)
 *fill*         0x0000000020000009        0x3 
                0x000000002000000c                _edata = .

.igot.plt       0x000000002000000c        0x0 load address 0x0000000008002b90
 .igot.plt      0x000000002000000c        0x0 c:/st/stm32cubeide_1.2.0/stm32cubeide/plugins/com.st.stm32cube.ide.mcu.externaltools.gnu-tools-for-stm32.9-2020-q2-update.win32_1.5.0.202011040924/tools/bin/../lib/gcc/arm-none-eabi/9.3.1/thumb/v7e-m+fp/hard/crtbegin.o
                0x000000002000000c                . = ALIGN (0x4)

.bss            0x000000002000000c       0x78 load address 0x0000000008002b90
                0x000000002000000c                _sbss = .
                0x000000002000000c                __bss_start__ = _sbss
 *(.bss)
 .bss           0x000000002000000c       0x1c c:/st/stm32cubeide_1.2.0/stm32cubeide/plugins/com.st.stm32cube.ide.mcu.externaltools.gnu-tools-for-stm32.9-2020-q2-update.win32_1.5.0.202011040924/tools/bin/../lib/gcc/arm-none-eabi/9.3.1/thumb/v7e-m+fp/hard/crtbegin.o
 *(.bss*)
 .bss.LCD16X2   0x0000000020000028        0xc Core/Src/main.o
                0x0000000020000028                LCD16X2
 *(COMMON)
 COMMON         0x0000000020000034       0x4c Core/Src/main.o
                0x0000000020000034                hi2c1
 COMMON         0x0000000020000080        0x4 Drivers/STM32F3xx_HAL_Driver/Src/stm32f3xx_hal.o
                0x0000000020000080                uwTick
                0x0000000020000084                . = ALIGN (0x4)
                0x0000000020000084                _ebss = .
                0x0000000020000084                __bss_end__ = _ebss

._user_heap_stack
                0x0000000020000084      0x604 load address 0x0000000008002b90
                0x0000000020000088                . = ALIGN (0x8)
 *fill*         0x0000000020000084        0x4 
                [!provide]                        PROVIDE (end = .)
                0x0000000020000088                PROVIDE (_end = .)
                0x0000000020000288                . = (. + _Min_Heap_Size)
 *fill*         0x0000000020000088      0x200 
                0x0000000020000688                . = (. + _Min_Stack_Size)
 *fill*         0x0000000020000288      0x400 
                0x0000000020000688                . = ALIGN (0x8)

/DISCARD/
 libc.a(*)
 libm.a(*)
 libgcc.a(*)

.ARM.attributes
                0x0000000000000000       0x30
 *(.ARM.attributes)
 .ARM.attributes
                0x0000000000000000       0x1e c:/st/stm32cubeide_1.2.0/stm32cubeide/plugins/com.st.stm32cube.ide.mcu.externaltools.gnu-tools-for-stm32.9-2020-q2-update.win32_1.5.0.202011040924/tools/bin/../lib/gcc/arm-none-eabi/9.3.1/thumb/v7e-m+fp/hard/crti.o
 .ARM.attributes
                0x000000000000001e       0x34 c:/st/stm32cubeide_1.2.0/stm32cubeide/plugins/com.st.stm32cube.ide.mcu.externaltools.gnu-tools-for-stm32.9-2020-q2-update.win32_1.5.0.202011040924/tools/bin/../lib/gcc/arm-none-eabi/9.3.1/thumb/v7e-m+fp/hard/crtbegin.o
 .ARM.attributes
                0x0000000000000052       0x34 Core/Src/STM32_IIC_LCD.o
 .ARM.attributes
                0x0000000000000086       0x34 Core/Src/main.o
 .ARM.attributes
                0x00000000000000ba       0x34 Core/Src/stm32f3xx_hal_msp.o
 .ARM.attributes
                0x00000000000000ee       0x34 Core/Src/stm32f3xx_it.o
 .ARM.attributes
                0x0000000000000122       0x34 Core/Src/system_stm32f3xx.o
 .ARM.attributes
                0x0000000000000156       0x21 Core/Startup/startup_stm32f303retx.o
 .ARM.attributes
                0x0000000000000177       0x34 Drivers/STM32F3xx_HAL_Driver/Src/stm32f3xx_hal.o
 .ARM.attributes
                0x00000000000001ab       0x34 Drivers/STM32F3xx_HAL_Driver/Src/stm32f3xx_hal_cortex.o
 .ARM.attributes
                0x00000000000001df       0x34 Drivers/STM32F3xx_HAL_Driver/Src/stm32f3xx_hal_gpio.o
 .ARM.attributes
                0x0000000000000213       0x34 Drivers/STM32F3xx_HAL_Driver/Src/stm32f3xx_hal_i2c.o
 .ARM.attributes
                0x0000000000000247       0x34 Drivers/STM32F3xx_HAL_Driver/Src/stm32f3xx_hal_i2c_ex.o
 .ARM.attributes
                0x000000000000027b       0x34 Drivers/STM32F3xx_HAL_Driver/Src/stm32f3xx_hal_rcc.o
 .ARM.attributes
                0x00000000000002af       0x34 Drivers/STM32F3xx_HAL_Driver/Src/stm32f3xx_hal_rcc_ex.o
 .ARM.attributes
                0x00000000000002e3       0x34 c:/st/stm32cubeide_1.2.0/stm32cubeide/plugins/com.st.stm32cube.ide.mcu.externaltools.gnu-tools-for-stm32.9-2020-q2-update.win32_1.5.0.202011040924/tools/bin/../lib/gcc/arm-none-eabi/9.3.1/../../../../arm-none-eabi/lib/thumb/v7e-m+fp/hard\libc_nano.a(lib_a-init.o)
 .ARM.attributes
                0x0000000000000317       0x34 c:/st/stm32cubeide_1.2.0/stm32cubeide/plugins/com.st.stm32cube.ide.mcu.externaltools.gnu-tools-for-stm32.9-2020-q2-update.win32_1.5.0.202011040924/tools/bin/../lib/gcc/arm-none-eabi/9.3.1/../../../../arm-none-eabi/lib/thumb/v7e-m+fp/hard\libc_nano.a(lib_a-memset.o)
 .ARM.attributes
                0x000000000000034b       0x1e c:/st/stm32cubeide_1.2.0/stm32cubeide/plugins/com.st.stm32cube.ide.mcu.externaltools.gnu-tools-for-stm32.9-2020-q2-update.win32_1.5.0.202011040924/tools/bin/../lib/gcc/arm-none-eabi/9.3.1/thumb/v7e-m+fp/hard/crtn.o
OUTPUT(I2C-LCD.elf elf32-littlearm)
LOAD linker stubs
LOAD c:/st/stm32cubeide_1.2.0/stm32cubeide/plugins/com.st.stm32cube.ide.mcu.externaltools.gnu-tools-for-stm32.9-2020-q2-update.win32_1.5.0.202011040924/tools/bin/../lib/gcc/arm-none-eabi/9.3.1/../../../../arm-none-eabi/lib/thumb/v7e-m+fp/hard\libc.a
LOAD c:/st/stm32cubeide_1.2.0/stm32cubeide/plugins/com.st.stm32cube.ide.mcu.externaltools.gnu-tools-for-stm32.9-2020-q2-update.win32_1.5.0.202011040924/tools/bin/../lib/gcc/arm-none-eabi/9.3.1/../../../../arm-none-eabi/lib/thumb/v7e-m+fp/hard\libm.a
LOAD c:/st/stm32cubeide_1.2.0/stm32cubeide/plugins/com.st.stm32cube.ide.mcu.externaltools.gnu-tools-for-stm32.9-2020-q2-update.win32_1.5.0.202011040924/tools/bin/../lib/gcc/arm-none-eabi/9.3.1/thumb/v7e-m+fp/hard\libgcc.a

.debug_info     0x0000000000000000     0x8cb8
 .debug_info    0x0000000000000000      0x8d9 Core/Src/STM32_IIC_LCD.o
 .debug_info    0x00000000000008d9      0xb7c Core/Src/main.o
 .debug_info    0x0000000000001455      0x998 Core/Src/stm32f3xx_hal_msp.o
 .debug_info    0x0000000000001ded      0x225 Core/Src/stm32f3xx_it.o
 .debug_info    0x0000000000002012      0x49a Core/Src/system_stm32f3xx.o
 .debug_info    0x00000000000024ac       0x22 Core/Startup/startup_stm32f303retx.o
 .debug_info    0x00000000000024ce      0x86d Drivers/STM32F3xx_HAL_Driver/Src/stm32f3xx_hal.o
 .debug_info    0x0000000000002d3b      0xe74 Drivers/STM32F3xx_HAL_Driver/Src/stm32f3xx_hal_cortex.o
 .debug_info    0x0000000000003baf      0x83d Drivers/STM32F3xx_HAL_Driver/Src/stm32f3xx_hal_gpio.o
 .debug_info    0x00000000000043ec     0x21c4 Drivers/STM32F3xx_HAL_Driver/Src/stm32f3xx_hal_i2c.o
 .debug_info    0x00000000000065b0      0xa2c Drivers/STM32F3xx_HAL_Driver/Src/stm32f3xx_hal_i2c_ex.o
 .debug_info    0x0000000000006fdc     0x15c6 Drivers/STM32F3xx_HAL_Driver/Src/stm32f3xx_hal_rcc.o
 .debug_info    0x00000000000085a2      0x716 Drivers/STM32F3xx_HAL_Driver/Src/stm32f3xx_hal_rcc_ex.o

.debug_abbrev   0x0000000000000000     0x17f6
 .debug_abbrev  0x0000000000000000      0x1b6 Core/Src/STM32_IIC_LCD.o
 .debug_abbrev  0x00000000000001b6      0x21a Core/Src/main.o
 .debug_abbrev  0x00000000000003d0      0x1b7 Core/Src/stm32f3xx_hal_msp.o
 .debug_abbrev  0x0000000000000587       0xd2 Core/Src/stm32f3xx_it.o
 .debug_abbrev  0x0000000000000659      0x145 Core/Src/system_stm32f3xx.o
 .debug_abbrev  0x000000000000079e       0x12 Core/Startup/startup_stm32f303retx.o
 .debug_abbrev  0x00000000000007b0      0x1ed Drivers/STM32F3xx_HAL_Driver/Src/stm32f3xx_hal.o
 .debug_abbrev  0x000000000000099d      0x33c Drivers/STM32F3xx_HAL_Driver/Src/stm32f3xx_hal_cortex.o
 .debug_abbrev  0x0000000000000cd9      0x1e8 Drivers/STM32F3xx_HAL_Driver/Src/stm32f3xx_hal_gpio.o
 .debug_abbrev  0x0000000000000ec1      0x256 Drivers/STM32F3xx_HAL_Driver/Src/stm32f3xx_hal_i2c.o
 .debug_abbrev  0x0000000000001117      0x1dd Drivers/STM32F3xx_HAL_Driver/Src/stm32f3xx_hal_i2c_ex.o
 .debug_abbrev  0x00000000000012f4      0x2c4 Drivers/STM32F3xx_HAL_Driver/Src/stm32f3xx_hal_rcc.o
 .debug_abbrev  0x00000000000015b8      0x23e Drivers/STM32F3xx_HAL_Driver/Src/stm32f3xx_hal_rcc_ex.o

.debug_aranges  0x0000000000000000      0x750
 .debug_aranges
                0x0000000000000000       0x48 Core/Src/STM32_IIC_LCD.o
 .debug_aranges
                0x0000000000000048       0x40 Core/Src/main.o
 .debug_aranges
                0x0000000000000088       0x30 Core/Src/stm32f3xx_hal_msp.o
 .debug_aranges
                0x00000000000000b8       0x60 Core/Src/stm32f3xx_it.o
 .debug_aranges
                0x0000000000000118       0x28 Core/Src/system_stm32f3xx.o
 .debug_aranges
                0x0000000000000140       0x28 Core/Startup/startup_stm32f303retx.o
 .debug_aranges
                0x0000000000000168       0xe0 Drivers/STM32F3xx_HAL_Driver/Src/stm32f3xx_hal.o
 .debug_aranges
                0x0000000000000248      0x118 Drivers/STM32F3xx_HAL_Driver/Src/stm32f3xx_hal_cortex.o
 .debug_aranges
                0x0000000000000360       0x58 Drivers/STM32F3xx_HAL_Driver/Src/stm32f3xx_hal_gpio.o
 .debug_aranges
                0x00000000000003b8      0x290 Drivers/STM32F3xx_HAL_Driver/Src/stm32f3xx_hal_i2c.o
 .debug_aranges
                0x0000000000000648       0x48 Drivers/STM32F3xx_HAL_Driver/Src/stm32f3xx_hal_i2c_ex.o
 .debug_aranges
                0x0000000000000690       0x88 Drivers/STM32F3xx_HAL_Driver/Src/stm32f3xx_hal_rcc.o
 .debug_aranges
                0x0000000000000718       0x38 Drivers/STM32F3xx_HAL_Driver/Src/stm32f3xx_hal_rcc_ex.o

.debug_ranges   0x0000000000000000      0x688
 .debug_ranges  0x0000000000000000       0x38 Core/Src/STM32_IIC_LCD.o
 .debug_ranges  0x0000000000000038       0x30 Core/Src/main.o
 .debug_ranges  0x0000000000000068       0x20 Core/Src/stm32f3xx_hal_msp.o
 .debug_ranges  0x0000000000000088       0x50 Core/Src/stm32f3xx_it.o
 .debug_ranges  0x00000000000000d8       0x18 Core/Src/system_stm32f3xx.o
 .debug_ranges  0x00000000000000f0       0x20 Core/Startup/startup_stm32f303retx.o
 .debug_ranges  0x0000000000000110       0xd0 Drivers/STM32F3xx_HAL_Driver/Src/stm32f3xx_hal.o
 .debug_ranges  0x00000000000001e0      0x108 Drivers/STM32F3xx_HAL_Driver/Src/stm32f3xx_hal_cortex.o
 .debug_ranges  0x00000000000002e8       0x48 Drivers/STM32F3xx_HAL_Driver/Src/stm32f3xx_hal_gpio.o
 .debug_ranges  0x0000000000000330      0x280 Drivers/STM32F3xx_HAL_Driver/Src/stm32f3xx_hal_i2c.o
 .debug_ranges  0x00000000000005b0       0x38 Drivers/STM32F3xx_HAL_Driver/Src/stm32f3xx_hal_i2c_ex.o
 .debug_ranges  0x00000000000005e8       0x78 Drivers/STM32F3xx_HAL_Driver/Src/stm32f3xx_hal_rcc.o
 .debug_ranges  0x0000000000000660       0x28 Drivers/STM32F3xx_HAL_Driver/Src/stm32f3xx_hal_rcc_ex.o

.debug_macro    0x0000000000000000    0x1ea02
 .debug_macro   0x0000000000000000      0x1c3 Core/Src/STM32_IIC_LCD.o
 .debug_macro   0x00000000000001c3      0xaa8 Core/Src/STM32_IIC_LCD.o
 .debug_macro   0x0000000000000c6b      0x14b Core/Src/STM32_IIC_LCD.o
 .debug_macro   0x0000000000000db6       0x2e Core/Src/STM32_IIC_LCD.o
 .debug_macro   0x0000000000000de4       0x28 Core/Src/STM32_IIC_LCD.o
 .debug_macro   0x0000000000000e0c       0x22 Core/Src/STM32_IIC_LCD.o
 .debug_macro   0x0000000000000e2e       0x8e Core/Src/STM32_IIC_LCD.o
 .debug_macro   0x0000000000000ebc       0x51 Core/Src/STM32_IIC_LCD.o
 .debug_macro   0x0000000000000f0d      0x103 Core/Src/STM32_IIC_LCD.o
 .debug_macro   0x0000000000001010       0x6a Core/Src/STM32_IIC_LCD.o
 .debug_macro   0x000000000000107a      0x1df Core/Src/STM32_IIC_LCD.o
 .debug_macro   0x0000000000001259       0x1c Core/Src/STM32_IIC_LCD.o
 .debug_macro   0x0000000000001275       0x22 Core/Src/STM32_IIC_LCD.o
 .debug_macro   0x0000000000001297       0xdf Core/Src/STM32_IIC_LCD.o
 .debug_macro   0x0000000000001376     0x102d Core/Src/STM32_IIC_LCD.o
 .debug_macro   0x00000000000023a3      0x11f Core/Src/STM32_IIC_LCD.o
 .debug_macro   0x00000000000024c2    0x15353 Core/Src/STM32_IIC_LCD.o
 .debug_macro   0x0000000000017815       0x43 Core/Src/STM32_IIC_LCD.o
 .debug_macro   0x0000000000017858     0x35e9 Core/Src/STM32_IIC_LCD.o
 .debug_macro   0x000000000001ae41      0x174 Core/Src/STM32_IIC_LCD.o
 .debug_macro   0x000000000001afb5       0x55 Core/Src/STM32_IIC_LCD.o
 .debug_macro   0x000000000001b00a      0x954 Core/Src/STM32_IIC_LCD.o
 .debug_macro   0x000000000001b95e      0x84a Core/Src/STM32_IIC_LCD.o
 .debug_macro   0x000000000001c1a8      0x12f Core/Src/STM32_IIC_LCD.o
 .debug_macro   0x000000000001c2d7      0x23a Core/Src/STM32_IIC_LCD.o
 .debug_macro   0x000000000001c511      0x1ea Core/Src/STM32_IIC_LCD.o
 .debug_macro   0x000000000001c6fb      0x1bc Core/Src/STM32_IIC_LCD.o
 .debug_macro   0x000000000001c8b7       0x30 Core/Src/STM32_IIC_LCD.o
 .debug_macro   0x000000000001c8e7       0x3c Core/Src/STM32_IIC_LCD.o
 .debug_macro   0x000000000001c923      0x236 Core/Src/STM32_IIC_LCD.o
 .debug_macro   0x000000000001cb59       0xc5 Core/Src/STM32_IIC_LCD.o
 .debug_macro   0x000000000001cc1e      0x21d Core/Src/STM32_IIC_LCD.o
 .debug_macro   0x000000000001ce3b      0x22c Core/Src/STM32_IIC_LCD.o
 .debug_macro   0x000000000001d067       0x5b Core/Src/STM32_IIC_LCD.o
 .debug_macro   0x000000000001d0c2       0xa5 Core/Src/STM32_IIC_LCD.o
 .debug_macro   0x000000000001d167       0x81 Core/Src/STM32_IIC_LCD.o
 .debug_macro   0x000000000001d1e8       0xd3 Core/Src/STM32_IIC_LCD.o
 .debug_macro   0x000000000001d2bb      0x347 Core/Src/STM32_IIC_LCD.o
 .debug_macro   0x000000000001d602      0x1c7 Core/Src/main.o
 .debug_macro   0x000000000001d7c9      0x1b9 Core/Src/stm32f3xx_hal_msp.o
 .debug_macro   0x000000000001d982      0x1c3 Core/Src/stm32f3xx_it.o
 .debug_macro   0x000000000001db45      0x1af Core/Src/system_stm32f3xx.o
 .debug_macro   0x000000000001dcf4      0x1d3 Drivers/STM32F3xx_HAL_Driver/Src/stm32f3xx_hal.o
 .debug_macro   0x000000000001dec7      0x1af Drivers/STM32F3xx_HAL_Driver/Src/stm32f3xx_hal_cortex.o
 .debug_macro   0x000000000001e076      0x1e7 Drivers/STM32F3xx_HAL_Driver/Src/stm32f3xx_hal_gpio.o
 .debug_macro   0x000000000001e25d      0x274 Drivers/STM32F3xx_HAL_Driver/Src/stm32f3xx_hal_i2c.o
 .debug_macro   0x000000000001e4d1      0x1af Drivers/STM32F3xx_HAL_Driver/Src/stm32f3xx_hal_i2c_ex.o
 .debug_macro   0x000000000001e680      0x1d3 Drivers/STM32F3xx_HAL_Driver/Src/stm32f3xx_hal_rcc.o
 .debug_macro   0x000000000001e853      0x1af Drivers/STM32F3xx_HAL_Driver/Src/stm32f3xx_hal_rcc_ex.o

.debug_line     0x0000000000000000     0xa158
 .debug_line    0x0000000000000000      0x795 Core/Src/STM32_IIC_LCD.o
 .debug_line    0x0000000000000795      0x78b Core/Src/main.o
 .debug_line    0x0000000000000f20      0x6dc Core/Src/stm32f3xx_hal_msp.o
 .debug_line    0x00000000000015fc      0x750 Core/Src/stm32f3xx_it.o
 .debug_line    0x0000000000001d4c      0x709 Core/Src/system_stm32f3xx.o
 .debug_line    0x0000000000002455       0x88 Core/Startup/startup_stm32f303retx.o
 .debug_line    0x00000000000024dd      0x939 Drivers/STM32F3xx_HAL_Driver/Src/stm32f3xx_hal.o
 .debug_line    0x0000000000002e16      0xbfe Drivers/STM32F3xx_HAL_Driver/Src/stm32f3xx_hal_cortex.o
 .debug_line    0x0000000000003a14      0xacc Drivers/STM32F3xx_HAL_Driver/Src/stm32f3xx_hal_gpio.o
 .debug_line    0x00000000000044e0     0x324e Drivers/STM32F3xx_HAL_Driver/Src/stm32f3xx_hal_i2c.o
 .debug_line    0x000000000000772e      0x8ab Drivers/STM32F3xx_HAL_Driver/Src/stm32f3xx_hal_i2c_ex.o
 .debug_line    0x0000000000007fd9     0x132a Drivers/STM32F3xx_HAL_Driver/Src/stm32f3xx_hal_rcc.o
 .debug_line    0x0000000000009303      0xe55 Drivers/STM32F3xx_HAL_Driver/Src/stm32f3xx_hal_rcc_ex.o

.debug_str      0x0000000000000000    0xb82f6
 .debug_str     0x0000000000000000    0xb5dcd Core/Src/STM32_IIC_LCD.o
                                      0xb64f0 (size before relaxing)
 .debug_str     0x00000000000b5dcd      0x3a1 Core/Src/main.o
                                      0xb6806 (size before relaxing)
 .debug_str     0x00000000000b616e       0xbb Core/Src/stm32f3xx_hal_msp.o
                                      0xb652c (size before relaxing)
 .debug_str     0x00000000000b6229       0xbd Core/Src/stm32f3xx_it.o
                                      0xb6016 (size before relaxing)
 .debug_str     0x00000000000b62e6       0xbd Core/Src/system_stm32f3xx.o
                                      0xb605f (size before relaxing)
 .debug_str     0x00000000000b63a3       0x36 Core/Startup/startup_stm32f303retx.o
                                         0x67 (size before relaxing)
 .debug_str     0x00000000000b63d9      0x66c Drivers/STM32F3xx_HAL_Driver/Src/stm32f3xx_hal.o
                                      0xb6866 (size before relaxing)
 .debug_str     0x00000000000b6a45      0x3bb Drivers/STM32F3xx_HAL_Driver/Src/stm32f3xx_hal_cortex.o
                                      0xb6974 (size before relaxing)
 .debug_str     0x00000000000b6e00      0x2a9 Drivers/STM32F3xx_HAL_Driver/Src/stm32f3xx_hal_gpio.o
                                      0xb633d (size before relaxing)
 .debug_str     0x00000000000b70a9      0xdc5 Drivers/STM32F3xx_HAL_Driver/Src/stm32f3xx_hal_i2c.o
                                      0xb72b3 (size before relaxing)
 .debug_str     0x00000000000b7e6e       0xb8 Drivers/STM32F3xx_HAL_Driver/Src/stm32f3xx_hal_i2c_ex.o
                                      0xb6622 (size before relaxing)
 .debug_str     0x00000000000b7f26      0x2f8 Drivers/STM32F3xx_HAL_Driver/Src/stm32f3xx_hal_rcc.o
                                      0xb64d1 (size before relaxing)
 .debug_str     0x00000000000b821e       0xd8 Drivers/STM32F3xx_HAL_Driver/Src/stm32f3xx_hal_rcc_ex.o
                                      0xb631b (size before relaxing)

.comment        0x0000000000000000       0x53
 .comment       0x0000000000000000       0x53 Core/Src/STM32_IIC_LCD.o
                                         0x54 (size before relaxing)
 .comment       0x0000000000000053       0x54 Core/Src/main.o
 .comment       0x0000000000000053       0x54 Core/Src/stm32f3xx_hal_msp.o
 .comment       0x0000000000000053       0x54 Core/Src/stm32f3xx_it.o
 .comment       0x0000000000000053       0x54 Core/Src/system_stm32f3xx.o
 .comment       0x0000000000000053       0x54 Drivers/STM32F3xx_HAL_Driver/Src/stm32f3xx_hal.o
 .comment       0x0000000000000053       0x54 Drivers/STM32F3xx_HAL_Driver/Src/stm32f3xx_hal_cortex.o
 .comment       0x0000000000000053       0x54 Drivers/STM32F3xx_HAL_Driver/Src/stm32f3xx_hal_gpio.o
 .comment       0x0000000000000053       0x54 Drivers/STM32F3xx_HAL_Driver/Src/stm32f3xx_hal_i2c.o
 .comment       0x0000000000000053       0x54 Drivers/STM32F3xx_HAL_Driver/Src/stm32f3xx_hal_i2c_ex.o
 .comment       0x0000000000000053       0x54 Drivers/STM32F3xx_HAL_Driver/Src/stm32f3xx_hal_rcc.o
 .comment       0x0000000000000053       0x54 Drivers/STM32F3xx_HAL_Driver/Src/stm32f3xx_hal_rcc_ex.o

.debug_frame    0x0000000000000000     0x1c90
 .debug_frame   0x0000000000000000       0xec Core/Src/STM32_IIC_LCD.o
 .debug_frame   0x00000000000000ec       0xb4 Core/Src/main.o
 .debug_frame   0x00000000000001a0       0x80 Core/Src/stm32f3xx_hal_msp.o
 .debug_frame   0x0000000000000220      0x104 Core/Src/stm32f3xx_it.o
 .debug_frame   0x0000000000000324       0x58 Core/Src/system_stm32f3xx.o
 .debug_frame   0x000000000000037c      0x334 Drivers/STM32F3xx_HAL_Driver/Src/stm32f3xx_hal.o
 .debug_frame   0x00000000000006b0      0x498 Drivers/STM32F3xx_HAL_Driver/Src/stm32f3xx_hal_cortex.o
 .debug_frame   0x0000000000000b48      0x14c Drivers/STM32F3xx_HAL_Driver/Src/stm32f3xx_hal_gpio.o
 .debug_frame   0x0000000000000c94      0xbe8 Drivers/STM32F3xx_HAL_Driver/Src/stm32f3xx_hal_i2c.o
 .debug_frame   0x000000000000187c      0x100 Drivers/STM32F3xx_HAL_Driver/Src/stm32f3xx_hal_i2c_ex.o
 .debug_frame   0x000000000000197c      0x214 Drivers/STM32F3xx_HAL_Driver/Src/stm32f3xx_hal_rcc.o
 .debug_frame   0x0000000000001b90       0xb4 Drivers/STM32F3xx_HAL_Driver/Src/stm32f3xx_hal_rcc_ex.o
 .debug_frame   0x0000000000001c44       0x2c c:/st/stm32cubeide_1.2.0/stm32cubeide/plugins/com.st.stm32cube.ide.mcu.externaltools.gnu-tools-for-stm32.9-2020-q2-update.win32_1.5.0.202011040924/tools/bin/../lib/gcc/arm-none-eabi/9.3.1/../../../../arm-none-eabi/lib/thumb/v7e-m+fp/hard\libc_nano.a(lib_a-init.o)
 .debug_frame   0x0000000000001c70       0x20 c:/st/stm32cubeide_1.2.0/stm32cubeide/plugins/com.st.stm32cube.ide.mcu.externaltools.gnu-tools-for-stm32.9-2020-q2-update.win32_1.5.0.202011040924/tools/bin/../lib/gcc/arm-none-eabi/9.3.1/../../../../arm-none-eabi/lib/thumb/v7e-m+fp/hard\libc_nano.a(lib_a-memset.o)
